20:05:27 **** Auto Build of configuration Debug for project helloWorld ****
make pre-build main-build 
a9-linaro-pre-build-step
 
Building file: ../src/helloworld.c
Invoking: ARM v7 gcc compiler
arm-none-eabi-gcc -Wall -O0 -g3 -c -fmessage-length=0 -MT"src/helloworld.o" -mcpu=cortex-a9 -mfpu=vfpv3 -mfloat-abi=hard -I../../standalone_bsp_0/ps7_cortexa9_0/include -MMD -MP -MF"src/helloworld.d" -MT"src/helloworld.o" -o "src/helloworld.o" "../src/helloworld.c"
../src/helloworld.c: In function 'main':
../src/helloworld.c:103:3: warning: implicit declaration of function 'print'; did you mean 'printf'? [-Wimplicit-function-declaration]
   print("Hello World3\n\r");
   ^~~~~
   printf
../src/helloworld.c:82:9: warning: unused variable 'Status' [-Wunused-variable]
     int Status;
         ^~~~~~
Finished building: ../src/helloworld.c
 
Building file: ../src/platform.c
Invoking: ARM v7 gcc compiler
arm-none-eabi-gcc -Wall -O0 -g3 -c -fmessage-length=0 -MT"src/platform.o" -mcpu=cortex-a9 -mfpu=vfpv3 -mfloat-abi=hard -I../../standalone_bsp_0/ps7_cortexa9_0/include -MMD -MP -MF"src/platform.d" -MT"src/platform.o" -o "src/platform.o" "../src/platform.c"
Finished building: ../src/platform.c
 
Building target: helloWorld.elf
Invoking: ARM v7 gcc linker
arm-none-eabi-gcc -mcpu=cortex-a9 -mfpu=vfpv3 -mfloat-abi=hard -Wl,-build-id=none -specs=Xilinx.spec -Wl,-T -Wl,../src/lscript.ld -L../../standalone_bsp_0/ps7_cortexa9_0/lib -o "helloWorld.elf"  ./src/helloworld.o ./src/platform.o   -Wl,--start-group,-lxil,-lgcc,-lc,--end-group
Finished building target: helloWorld.elf
 
Invoking: ARM v7 Print Size
arm-none-eabi-size helloWorld.elf  |tee "helloWorld.elf.size"
   text	   data	    bss	    dec	    hex	filename
  19384	   1144	  22568	  43096	   a858	helloWorld.elf
Finished building: helloWorld.elf.size
 

20:05:29 Build Finished (took 2s.112ms)

